  [1m[35m (132.5ms)[0m  [1m[35mCREATE DATABASE "money_money_development" ENCODING = 'unicode' /*application='MoneyMoney'*/[0m
  [1m[35m (128.4ms)[0m  [1m[35mCREATE DATABASE "money_money_development" ENCODING = 'unicode' /*application='MoneyMoney'*/[0m
  [1m[35m (128.3ms)[0m  [1m[35mCREATE DATABASE "money_money_development" ENCODING = 'unicode' /*application='MoneyMoney'*/[0m
  [1m[35mSQL (0.1ms)[0m  [1m[35mSET search_path TO public /*application='MoneyMoney'*/[0m
  [1m[35m (153.0ms)[0m  [1m[35mCREATE DATABASE "money_money_development" ENCODING = 'unicode' /*application='MoneyMoney'*/[0m
  [1m[35mSQL (0.2ms)[0m  [1m[35mSET search_path TO public /*application='MoneyMoney'*/[0m
  [1m[35m (92.1ms)[0m  [1m[35mCREATE DATABASE "money_money_test" ENCODING = 'unicode' /*application='MoneyMoney'*/[0m
  [1m[35mSQL (0.6ms)[0m  [1m[35mCREATE EXTENSION IF NOT EXISTS "plpgsql" SCHEMA pg_catalog /*application='MoneyMoney'*/[0m
  [1m[35m (0.1ms)[0m  [1m[35mDROP TABLE IF EXISTS "companies" CASCADE /*application='MoneyMoney'*/[0m
  [1m[35m (6.8ms)[0m  [1m[35mCREATE TABLE "companies" ("id" bigserial primary key, "name" character varying, "created_at" timestamp(6) NOT NULL, "updated_at" timestamp(6) NOT NULL, "ticker_symbol" character varying, "stock_price" decimal) /*application='MoneyMoney'*/[0m
  [1m[35m (2.3ms)[0m  [1m[35mCREATE UNIQUE INDEX "index_companies_on_ticker_symbol" ON "companies" ("ticker_symbol") /*application='MoneyMoney'*/[0m
  [1m[35m (0.2ms)[0m  [1m[35mDROP TABLE IF EXISTS "stock_predictions" CASCADE /*application='MoneyMoney'*/[0m
  [1m[35m (4.5ms)[0m  [1m[35mCREATE TABLE "stock_predictions" ("id" bigserial primary key, "company_id" bigint NOT NULL, "predicted_price" decimal, "trend" character varying, "predicted_for" timestamp(6), "generated_at" timestamp(6), "created_at" timestamp(6) NOT NULL, "updated_at" timestamp(6) NOT NULL) /*application='MoneyMoney'*/[0m
  [1m[35m (2.4ms)[0m  [1m[35mCREATE INDEX "index_stock_predictions_on_company_id" ON "stock_predictions" ("company_id") /*application='MoneyMoney'*/[0m
  [1m[35m (0.1ms)[0m  [1m[35mDROP TABLE IF EXISTS "stock_price_histories" CASCADE /*application='MoneyMoney'*/[0m
  [1m[35m (4.1ms)[0m  [1m[35mCREATE TABLE "stock_price_histories" ("id" bigserial primary key, "company_id" bigint NOT NULL, "prediction" character varying, "recorded_at" timestamp(6), "created_at" timestamp(6) NOT NULL, "updated_at" timestamp(6) NOT NULL, "open" decimal, "high" decimal, "low" decimal, "close" decimal, "volume" integer) /*application='MoneyMoney'*/[0m
  [1m[35m (2.1ms)[0m  [1m[35mCREATE INDEX "index_stock_price_histories_on_company_id" ON "stock_price_histories" ("company_id") /*application='MoneyMoney'*/[0m
  [1m[35m (0.1ms)[0m  [1m[35mDROP TABLE IF EXISTS "trades" CASCADE /*application='MoneyMoney'*/[0m
  [1m[35m (7.3ms)[0m  [1m[35mCREATE TABLE "trades" ("id" bigserial primary key, "user_id" bigint NOT NULL, "company_id" bigint NOT NULL, "stock_quantity" integer, "price_per_stock" decimal, "transaction_type" character varying, "created_at" timestamp(6) NOT NULL, "updated_at" timestamp(6) NOT NULL) /*application='MoneyMoney'*/[0m
  [1m[35m (3.7ms)[0m  [1m[35mCREATE INDEX "index_trades_on_company_id" ON "trades" ("company_id") /*application='MoneyMoney'*/[0m
  [1m[35m (2.9ms)[0m  [1m[35mCREATE INDEX "index_trades_on_user_id" ON "trades" ("user_id") /*application='MoneyMoney'*/[0m
  [1m[35m (0.2ms)[0m  [1m[35mDROP TABLE IF EXISTS "users" CASCADE /*application='MoneyMoney'*/[0m
  [1m[35m (4.4ms)[0m  [1m[35mCREATE TABLE "users" ("id" bigserial primary key, "first_name" character varying NOT NULL, "last_name" character varying NOT NULL, "email" character varying DEFAULT '' NOT NULL, "encrypted_password" character varying DEFAULT '' NOT NULL, "role" character varying DEFAULT 'user', "balance" decimal(10,2), "created_at" timestamp(6) NOT NULL, "updated_at" timestamp(6) NOT NULL, "phone" character varying, "reset_password_token" character varying, "reset_password_sent_at" timestamp(6), "provider" character varying, "uid" character varying) /*application='MoneyMoney'*/[0m
  [1m[35m (2.3ms)[0m  [1m[35mCREATE UNIQUE INDEX "index_users_on_email" ON "users" ("email") /*application='MoneyMoney'*/[0m
  [1m[35m (2.2ms)[0m  [1m[35mCREATE INDEX "index_users_on_reset_password_token" ON "users" ("reset_password_token") /*application='MoneyMoney'*/[0m
  [1m[35m (1.5ms)[0m  [1m[35mALTER TABLE "stock_predictions" ADD CONSTRAINT "fk_rails_213a9040cf"
FOREIGN KEY ("company_id")
  REFERENCES "companies" ("id")
 /*application='MoneyMoney'*/[0m
  [1m[35m (1.2ms)[0m  [1m[35mALTER TABLE "stock_price_histories" ADD CONSTRAINT "fk_rails_682b4e0547"
FOREIGN KEY ("company_id")
  REFERENCES "companies" ("id")
 /*application='MoneyMoney'*/[0m
  [1m[35m (1.1ms)[0m  [1m[35mALTER TABLE "trades" ADD CONSTRAINT "fk_rails_7f7b2b40a4"
FOREIGN KEY ("company_id")
  REFERENCES "companies" ("id")
 /*application='MoneyMoney'*/[0m
  [1m[35m (1.2ms)[0m  [1m[35mALTER TABLE "trades" ADD CONSTRAINT "fk_rails_12b0ea7696"
FOREIGN KEY ("user_id")
  REFERENCES "users" ("id")
 /*application='MoneyMoney'*/[0m
  [1m[35m (4.0ms)[0m  [1m[35mCREATE TABLE "schema_migrations" ("version" character varying NOT NULL PRIMARY KEY) /*application='MoneyMoney'*/[0m
  [1m[36mActiveRecord::SchemaMigration Load (0.3ms)[0m  [1m[34mSELECT "schema_migrations"."version" FROM "schema_migrations" ORDER BY "schema_migrations"."version" ASC /*application='MoneyMoney'*/[0m
  [1m[35m (1.1ms)[0m  [1m[32mINSERT INTO "schema_migrations" (version) VALUES (20250629113742) /*application='MoneyMoney'*/[0m
  [1m[35m (0.9ms)[0m  [1m[32mINSERT INTO "schema_migrations" (version) VALUES
(20250629093538),
(20250629071838),
(20250604091226),
(20250603234216),
(20250603225325),
(20250603224438),
(20250603213216),
(20250603205038),
(20250603204352),
(20250603111155),
(20250601230920),
(20250419114405),
(20250419114138),
(20250317120012); /*application='MoneyMoney'*/[0m
  [1m[35m (4.2ms)[0m  [1m[35mCREATE TABLE "ar_internal_metadata" ("key" character varying NOT NULL PRIMARY KEY, "value" character varying, "created_at" timestamp(6) NOT NULL, "updated_at" timestamp(6) NOT NULL) /*application='MoneyMoney'*/[0m
  [1m[36mActiveRecord::InternalMetadata Load (0.5ms)[0m  [1m[34mSELECT * FROM "ar_internal_metadata" WHERE "ar_internal_metadata"."key" = 'environment' ORDER BY "ar_internal_metadata"."key" ASC LIMIT 1 /*application='MoneyMoney'*/[0m
  [1m[36mActiveRecord::InternalMetadata Create (1.2ms)[0m  [1m[32mINSERT INTO "ar_internal_metadata" ("key", "value", "created_at", "updated_at") VALUES ('environment', 'development', '2025-06-29 15:18:10.082148', '2025-06-29 15:18:10.082152') RETURNING "key" /*application='MoneyMoney'*/[0m
  [1m[36mActiveRecord::InternalMetadata Load (0.2ms)[0m  [1m[34mSELECT * FROM "ar_internal_metadata" WHERE "ar_internal_metadata"."key" = 'environment' ORDER BY "ar_internal_metadata"."key" ASC LIMIT 1 /*application='MoneyMoney'*/[0m
  [1m[36mActiveRecord::InternalMetadata Load (0.2ms)[0m  [1m[34mSELECT * FROM "ar_internal_metadata" WHERE "ar_internal_metadata"."key" = 'schema_sha1' ORDER BY "ar_internal_metadata"."key" ASC LIMIT 1 /*application='MoneyMoney'*/[0m
  [1m[36mActiveRecord::InternalMetadata Create (0.7ms)[0m  [1m[32mINSERT INTO "ar_internal_metadata" ("key", "value", "created_at", "updated_at") VALUES ('schema_sha1', '089066188e0a28aeee931cc261eba90e68b0dcfa', '2025-06-29 15:18:10.087801', '2025-06-29 15:18:10.087804') RETURNING "key" /*application='MoneyMoney'*/[0m
  [1m[35m (0.1ms)[0m  [1m[34mSELECT pg_try_advisory_lock(5856047100460547865) /*application='MoneyMoney'*/[0m
  [1m[36mActiveRecord::SchemaMigration Load (0.2ms)[0m  [1m[34mSELECT "schema_migrations"."version" FROM "schema_migrations" ORDER BY "schema_migrations"."version" ASC /*application='MoneyMoney'*/[0m
  [1m[36mActiveRecord::InternalMetadata Load (0.1ms)[0m  [1m[34mSELECT * FROM "ar_internal_metadata" WHERE "ar_internal_metadata"."key" = 'environment' ORDER BY "ar_internal_metadata"."key" ASC LIMIT 1 /*application='MoneyMoney'*/[0m
  [1m[35m (0.2ms)[0m  [1m[34mSELECT pg_advisory_unlock(5856047100460547865) /*application='MoneyMoney'*/[0m
  [1m[36mActiveRecord::SchemaMigration Load (0.1ms)[0m  [1m[34mSELECT "schema_migrations"."version" FROM "schema_migrations" ORDER BY "schema_migrations"."version" ASC /*application='MoneyMoney'*/[0m
  [1m[36mActiveRecord::SchemaMigration Load (0.2ms)[0m  [1m[34mSELECT "schema_migrations"."version" FROM "schema_migrations" ORDER BY "schema_migrations"."version" ASC /*application='MoneyMoney'*/[0m
  [1m[35m (0.2ms)[0m  [1m[34mSELECT pg_try_advisory_lock(5856047100460547865) /*application='MoneyMoney'*/[0m
  [1m[36mActiveRecord::SchemaMigration Load (0.4ms)[0m  [1m[34mSELECT "schema_migrations"."version" FROM "schema_migrations" ORDER BY "schema_migrations"."version" ASC /*application='MoneyMoney'*/[0m
  [1m[36mActiveRecord::InternalMetadata Load (0.5ms)[0m  [1m[34mSELECT * FROM "ar_internal_metadata" WHERE "ar_internal_metadata"."key" = 'environment' ORDER BY "ar_internal_metadata"."key" ASC LIMIT 1 /*application='MoneyMoney'*/[0m
  [1m[35m (0.3ms)[0m  [1m[34mSELECT pg_advisory_unlock(5856047100460547865) /*application='MoneyMoney'*/[0m
  [1m[36mActiveRecord::SchemaMigration Load (0.2ms)[0m  [1m[34mSELECT "schema_migrations"."version" FROM "schema_migrations" ORDER BY "schema_migrations"."version" ASC /*application='MoneyMoney'*/[0m
  [1m[36mActiveRecord::SchemaMigration Load (0.3ms)[0m  [1m[34mSELECT "schema_migrations"."version" FROM "schema_migrations" ORDER BY "schema_migrations"."version" ASC /*application='MoneyMoney'*/[0m
  [1m[36mCompany Load (0.7ms)[0m  [1m[34mSELECT "companies".* FROM "companies" WHERE "companies"."name" = 'Tesla' LIMIT 1 /*application='MoneyMoney'*/[0m
  ↳ app/jobs/fetch_ai_prediction_job.rb:27:in 'FetchAiPredictionJob.perform'
  [1m[36mCompany Load (0.5ms)[0m  [1m[34mSELECT "companies".* FROM "companies" WHERE "companies"."name" = 'Tesla' LIMIT 1 /*application='MoneyMoney'*/[0m
  ↳ app/jobs/fetch_ai_prediction_job.rb:27:in 'FetchAiPredictionJob.perform'
  [1m[36mCompany Load (0.6ms)[0m  [1m[34mSELECT "companies".* FROM "companies" WHERE "companies"."name" = 'Tesla' LIMIT 1 /*application='MoneyMoney'*/[0m
  ↳ app/jobs/fetch_ai_prediction_job.rb:27:in 'FetchAiPredictionJob.perform'
  [1m[36mCompany Load (0.6ms)[0m  [1m[34mSELECT "companies".* FROM "companies" WHERE "companies"."name" = 'Tesla' LIMIT 1 /*application='MoneyMoney'*/[0m
  ↳ app/jobs/fetch_ai_prediction_job.rb:27:in 'FetchAiPredictionJob.perform'
  [1m[36mCompany Load (0.6ms)[0m  [1m[34mSELECT "companies".* FROM "companies" WHERE "companies"."name" = 'Tesla' LIMIT 1 /*application='MoneyMoney'*/[0m
  ↳ app/jobs/fetch_ai_prediction_job.rb:27:in 'FetchAiPredictionJob.perform'
  [1m[36mCompany Load (0.5ms)[0m  [1m[34mSELECT "companies".* FROM "companies" WHERE "companies"."name" = 'Tesla' LIMIT 1 /*application='MoneyMoney'*/[0m
  ↳ app/jobs/fetch_ai_prediction_job.rb:27:in 'FetchAiPredictionJob.perform'
  [1m[36mCompany Load (0.7ms)[0m  [1m[34mSELECT "companies".* FROM "companies" WHERE "companies"."name" = 'Tesla' LIMIT 1 /*application='MoneyMoney'*/[0m
  ↳ app/jobs/fetch_ai_prediction_job.rb:27:in 'FetchAiPredictionJob.perform'
  [1m[36mCompany Load (0.4ms)[0m  [1m[34mSELECT "companies".* FROM "companies" WHERE "companies"."name" = 'Tesla' LIMIT 1 /*application='MoneyMoney'*/[0m
  ↳ app/jobs/fetch_ai_prediction_job.rb:27:in 'FetchAiPredictionJob.perform'
  [1m[36mCompany Load (0.7ms)[0m  [1m[34mSELECT "companies".* FROM "companies" WHERE "companies"."name" = 'Tesla' LIMIT 1 /*application='MoneyMoney'*/[0m
  ↳ app/jobs/fetch_ai_prediction_job.rb:27:in 'FetchAiPredictionJob.perform'
  [1m[36mCompany Load (0.5ms)[0m  [1m[34mSELECT "companies".* FROM "companies" WHERE "companies"."name" = 'Tesla' LIMIT 1 /*application='MoneyMoney'*/[0m
  ↳ app/jobs/fetch_ai_prediction_job.rb:27:in 'FetchAiPredictionJob.perform'
  [1m[36mCompany Load (0.4ms)[0m  [1m[34mSELECT "companies".* FROM "companies" WHERE "companies"."name" = 'Tesla' LIMIT 1 /*application='MoneyMoney'*/[0m
  ↳ app/jobs/fetch_ai_prediction_job.rb:27:in 'FetchAiPredictionJob.perform'
  [1m[36mCompany Load (0.7ms)[0m  [1m[34mSELECT "companies".* FROM "companies" WHERE "companies"."name" = 'Tesla' LIMIT 1 /*application='MoneyMoney'*/[0m
  ↳ app/jobs/fetch_ai_prediction_job.rb:27:in 'FetchAiPredictionJob.perform'
  [1m[36mCompany Load (0.5ms)[0m  [1m[34mSELECT "companies".* FROM "companies" WHERE "companies"."name" = 'Tesla' LIMIT 1 /*application='MoneyMoney'*/[0m
  ↳ app/jobs/fetch_ai_prediction_job.rb:27:in 'FetchAiPredictionJob.perform'
  [1m[36mCompany Load (0.7ms)[0m  [1m[34mSELECT "companies".* FROM "companies" WHERE "companies"."name" = 'CIB Bank' LIMIT 1 /*application='MoneyMoney'*/[0m
  [1m[36mTRANSACTION (0.3ms)[0m  [1m[35mBEGIN /*application='MoneyMoney'*/[0m
  [1m[36mCompany Exists? (0.5ms)[0m  [1m[34mSELECT 1 AS one FROM "companies" WHERE "companies"."name" = 'CIB Bank' LIMIT 1 /*application='MoneyMoney'*/[0m
  [1m[36mCompany Exists? (0.3ms)[0m  [1m[34mSELECT 1 AS one FROM "companies" WHERE "companies"."ticker_symbol" IS NULL LIMIT 1 /*application='MoneyMoney'*/[0m
  [1m[36mTRANSACTION (0.5ms)[0m  [1m[31mROLLBACK /*application='MoneyMoney'*/[0m
  [1m[36mCompany Load (0.6ms)[0m  [1m[34mSELECT "companies".* FROM "companies" WHERE "companies"."name" = 'CIB Bank' LIMIT 1 /*application='MoneyMoney'*/[0m
  [1m[36mTRANSACTION (0.3ms)[0m  [1m[35mBEGIN /*application='MoneyMoney'*/[0m
  [1m[36mCompany Exists? (0.3ms)[0m  [1m[34mSELECT 1 AS one FROM "companies" WHERE "companies"."name" = 'CIB Bank' LIMIT 1 /*application='MoneyMoney'*/[0m
  [1m[36mCompany Exists? (0.2ms)[0m  [1m[34mSELECT 1 AS one FROM "companies" WHERE "companies"."ticker_symbol" = 'CIB' LIMIT 1 /*application='MoneyMoney'*/[0m
  [1m[36mCompany Create (0.6ms)[0m  [1m[32mINSERT INTO "companies" ("name", "created_at", "updated_at", "ticker_symbol", "stock_price") VALUES ('CIB Bank', '2025-06-29 15:25:32.560684', '2025-06-29 15:25:32.560684', 'CIB', NULL) RETURNING "id" /*application='MoneyMoney'*/[0m
  [1m[36mTRANSACTION (11.4ms)[0m  [1m[35mCOMMIT /*application='MoneyMoney'*/[0m
  [1m[36mCompany Load (0.5ms)[0m  [1m[34mSELECT "companies".* FROM "companies" WHERE "companies"."name" = 'CIB Bank' LIMIT 1 /*application='MoneyMoney'*/[0m
  ↳ app/jobs/fetch_ai_prediction_job.rb:25:in 'FetchAiPredictionJob.perform'
  [1m[36mTRANSACTION (0.3ms)[0m  [1m[35mBEGIN /*application='MoneyMoney'*/[0m
  ↳ app/jobs/fetch_ai_prediction_job.rb:28:in 'FetchAiPredictionJob.perform'
  [1m[36mStockPrediction Create (3.3ms)[0m  [1m[32mINSERT INTO "stock_predictions" ("company_id", "predicted_price", "trend", "predicted_for", "generated_at", "created_at", "updated_at") VALUES (1, 46.751789526074, 'Down', '2025-06-29 15:27:17.782895', '2025-06-29 15:26:17.783143', '2025-06-29 15:26:17.828995', '2025-06-29 15:26:17.828995') RETURNING "id" /*application='MoneyMoney'*/[0m
  ↳ app/jobs/fetch_ai_prediction_job.rb:28:in 'FetchAiPredictionJob.perform'
  [1m[36mTRANSACTION (1.1ms)[0m  [1m[35mCOMMIT /*application='MoneyMoney'*/[0m
  ↳ app/jobs/fetch_ai_prediction_job.rb:28:in 'FetchAiPredictionJob.perform'
  [1m[36mCompany Load (0.5ms)[0m  [1m[34mSELECT "companies".* FROM "companies" WHERE "companies"."name" = 'CIB Bank' LIMIT 1 /*application='MoneyMoney'*/[0m
  ↳ app/jobs/fetch_ai_prediction_job.rb:25:in 'FetchAiPredictionJob.perform'
  [1m[36mTRANSACTION (0.3ms)[0m  [1m[35mBEGIN /*application='MoneyMoney'*/[0m
  ↳ app/jobs/fetch_ai_prediction_job.rb:28:in 'FetchAiPredictionJob.perform'
  [1m[36mStockPrediction Create (3.0ms)[0m  [1m[32mINSERT INTO "stock_predictions" ("company_id", "predicted_price", "trend", "predicted_for", "generated_at", "created_at", "updated_at") VALUES (1, 46.751789526074, 'Down', '2025-06-29 15:27:18.010173', '2025-06-29 15:26:18.010394', '2025-06-29 15:26:18.026646', '2025-06-29 15:26:18.026646') RETURNING "id" /*application='MoneyMoney'*/[0m
  ↳ app/jobs/fetch_ai_prediction_job.rb:28:in 'FetchAiPredictionJob.perform'
  [1m[36mTRANSACTION (1.2ms)[0m  [1m[35mCOMMIT /*application='MoneyMoney'*/[0m
  ↳ app/jobs/fetch_ai_prediction_job.rb:28:in 'FetchAiPredictionJob.perform'
  [1m[36mCompany Load (0.5ms)[0m  [1m[34mSELECT "companies".* FROM "companies" WHERE "companies"."name" = 'CIB Bank' LIMIT 1 /*application='MoneyMoney'*/[0m
  ↳ app/jobs/fetch_ai_prediction_job.rb:25:in 'FetchAiPredictionJob.perform'
  [1m[36mTRANSACTION (0.2ms)[0m  [1m[35mBEGIN /*application='MoneyMoney'*/[0m
  ↳ app/jobs/fetch_ai_prediction_job.rb:28:in 'FetchAiPredictionJob.perform'
  [1m[36mStockPrediction Create (2.4ms)[0m  [1m[32mINSERT INTO "stock_predictions" ("company_id", "predicted_price", "trend", "predicted_for", "generated_at", "created_at", "updated_at") VALUES (1, 46.751789526074, 'Down', '2025-06-29 15:27:18.199010', '2025-06-29 15:26:18.199220', '2025-06-29 15:26:18.215142', '2025-06-29 15:26:18.215142') RETURNING "id" /*application='MoneyMoney'*/[0m
  ↳ app/jobs/fetch_ai_prediction_job.rb:28:in 'FetchAiPredictionJob.perform'
  [1m[36mTRANSACTION (1.2ms)[0m  [1m[35mCOMMIT /*application='MoneyMoney'*/[0m
  ↳ app/jobs/fetch_ai_prediction_job.rb:28:in 'FetchAiPredictionJob.perform'
  [1m[36mCompany Load (0.7ms)[0m  [1m[34mSELECT "companies".* FROM "companies" WHERE "companies"."name" = 'CIB Bank' LIMIT 1 /*application='MoneyMoney'*/[0m
  ↳ app/jobs/fetch_ai_prediction_job.rb:25:in 'FetchAiPredictionJob.perform'
  [1m[36mTRANSACTION (0.2ms)[0m  [1m[35mBEGIN /*application='MoneyMoney'*/[0m
  ↳ app/jobs/fetch_ai_prediction_job.rb:28:in 'FetchAiPredictionJob.perform'
  [1m[36mStockPrediction Create (2.7ms)[0m  [1m[32mINSERT INTO "stock_predictions" ("company_id", "predicted_price", "trend", "predicted_for", "generated_at", "created_at", "updated_at") VALUES (1, 46.751789526074, 'Down', '2025-06-29 15:27:18.386596', '2025-06-29 15:26:18.386817', '2025-06-29 15:26:18.404689', '2025-06-29 15:26:18.404689') RETURNING "id" /*application='MoneyMoney'*/[0m
  ↳ app/jobs/fetch_ai_prediction_job.rb:28:in 'FetchAiPredictionJob.perform'
  [1m[36mTRANSACTION (0.9ms)[0m  [1m[35mCOMMIT /*application='MoneyMoney'*/[0m
  ↳ app/jobs/fetch_ai_prediction_job.rb:28:in 'FetchAiPredictionJob.perform'
  [1m[36mCompany Load (0.4ms)[0m  [1m[34mSELECT "companies".* FROM "companies" WHERE "companies"."name" = 'CIB Bank' LIMIT 1 /*application='MoneyMoney'*/[0m
  ↳ app/jobs/fetch_ai_prediction_job.rb:25:in 'FetchAiPredictionJob.perform'
  [1m[36mTRANSACTION (0.2ms)[0m  [1m[35mBEGIN /*application='MoneyMoney'*/[0m
  ↳ app/jobs/fetch_ai_prediction_job.rb:28:in 'FetchAiPredictionJob.perform'
  [1m[36mStockPrediction Create (2.5ms)[0m  [1m[32mINSERT INTO "stock_predictions" ("company_id", "predicted_price", "trend", "predicted_for", "generated_at", "created_at", "updated_at") VALUES (1, 46.751789526074, 'Down', '2025-06-29 15:28:03.620526', '2025-06-29 15:27:03.620756', '2025-06-29 15:27:03.637969', '2025-06-29 15:27:03.637969') RETURNING "id" /*application='MoneyMoney'*/[0m
  ↳ app/jobs/fetch_ai_prediction_job.rb:28:in 'FetchAiPredictionJob.perform'
  [1m[36mTRANSACTION (2.0ms)[0m  [1m[35mCOMMIT /*application='MoneyMoney'*/[0m
  ↳ app/jobs/fetch_ai_prediction_job.rb:28:in 'FetchAiPredictionJob.perform'
